=================================== ERRORS ====================================
__________________ ERROR collecting test_basic_workflows.py ___________________
_________________ ERROR collecting test_chutes_integration.py _________________
_____________________ ERROR collecting test_dirty_flag.py _____________________
__________________ ERROR collecting test_discovery_system.py __________________
_________ ERROR collecting test_enhanced_conjecture_comprehensive.py __________
_________________ ERROR collecting test_full_stack_chutes.py __________________
_______________ ERROR collecting test_granite_model_specific.py _______________
_______________ ERROR collecting test_integration_end_to_end.py _______________
____________ ERROR collecting test_llm_providers_comprehensive.py _____________
_________________ ERROR collecting test_llm_providers_mock.py _________________
___________________ ERROR collecting test_lm_studio_e2e.py ____________________
_______________ ERROR collecting test_lm_studio_performance.py ________________
_________________ ERROR collecting test_lm_studio_provider.py _________________
_________________ ERROR collecting test_local_integration.py __________________
_______________________ ERROR collecting test_models.py _______________________
____________________ ERROR collecting test_modular_cli.py _____________________
__________________ ERROR collecting test_processing_layer.py __________________
_______________ ERROR collecting test_providers_integration.py ________________
__________________ ERROR collecting test_rust_minesweeper.py __________________
__________________ ERROR collecting test_scope_promotion.py ___________________
______________ ERROR collecting test_simplified_architecture.py _______________
_______________ ERROR collecting test_simplified_conjecture.py ________________
______________ ERROR collecting test_three_part_architecture.py _______________
_________________ ERROR collecting test_unified_validator.py __________________
_____________________ ERROR collecting test_use_cases.py ______________________
ERROR tests\test_basic_workflows.py
ERROR tests\test_chutes_integration.py
ERROR tests\test_dirty_flag.py
ERROR tests\test_discovery_system.py
ERROR tests\test_enhanced_conjecture_comprehensive.py
ERROR tests\test_full_stack_chutes.py
ERROR tests\test_granite_model_specific.py
ERROR tests\test_integration_end_to_end.py
ERROR tests\test_llm_providers_comprehensive.py
ERROR tests\test_llm_providers_mock.py
ERROR tests\test_lm_studio_e2e.py
ERROR tests\test_lm_studio_performance.py
ERROR tests\test_lm_studio_provider.py
ERROR tests\test_local_integration.py
ERROR tests\test_models.py
ERROR tests\test_modular_cli.py
ERROR tests\test_processing_layer.py
ERROR tests\test_providers_integration.py
ERROR tests\test_rust_minesweeper.py
ERROR tests\test_scope_promotion.py
ERROR tests\test_simplified_architecture.py
ERROR tests\test_simplified_conjecture.py
ERROR tests\test_three_part_architecture.py
ERROR tests\test_unified_validator.py
ERROR tests\test_use_cases.py
