pytest : C:\Users\Aaron.Canary\AppData\Local\Programs\Python\Py
thon311\Lib\site-packages\pydantic\_internal\_fields.py:149: 
UserWarning: Field "model_settings" has conflict with 
protected namespace "model_".
At line:1 char:1
+ pytest --collect-only > test_output.txt 2>&1
+ ~~~~~~~~~~~~~~~~~~~~~~~~~~~~~~~~~~~~~~~~~~~~
    + CategoryInfo          : NotSpecified: (C:\Users\Aaron... 
   .space "model_".:String) [], RemoteException
    + FullyQualifiedErrorId : NativeCommandError
 

You may be able to resolve this warning by setting 
`model_config['protected_namespaces'] = ()`.
  warnings.warn(
C:\Users\Aaron.Canary\AppData\Local\Programs\Python\Python311\L
ib\site-packages\pydantic\_internal\_fields.py:184: 
UserWarning: Field name "name" shadows an attribute in parent 
"Operation"; 
  warnings.warn(
C:\Users\Aaron.Canary\AppData\Local\Programs\Python\Python311\L
ib\site-packages\pydantic\_internal\_fields.py:184: 
UserWarning: Field name "metadata" shadows an attribute in 
parent "Operation"; 
  warnings.warn(
C:\Users\Aaron.Canary\AppData\Local\Programs\Python\Python311\L
ib\site-packages\pydantic\_internal\_fields.py:184: 
UserWarning: Field name "done" shadows an attribute in parent 
"Operation"; 
  warnings.warn(
C:\Users\Aaron.Canary\AppData\Local\Programs\Python\Python311\L
ib\site-packages\pydantic\_internal\_fields.py:184: 
UserWarning: Field name "error" shadows an attribute in parent 
"Operation"; 
  warnings.warn(
C:\Users\Aaron.Canary\AppData\Local\Programs\Python\Python311\L
ib\site-packages\pydantic\_internal\_fields.py:149: 
UserWarning: Field "model_settings" has conflict with 
protected namespace "model_".

You may be able to resolve this warning by setting 
`model_config['protected_namespaces'] = ()`.
  warnings.warn(
============================= test session starts =============================
platform win32 -- Python 3.11.9, pytest-8.4.2, pluggy-1.6.0
benchmark: 5.2.3 (defaults: timer=time.perf_counter disable_gc=False min_rounds=5 min_time=0.000005 max_time=1.0 calibration_precision=10 warmup=False warmup_iterations=100000)
Optimized Test Suite - Parallel Execution Enabled
Static Analysis Integration: Configured
rootdir: D:\projects\Conjecture
configfile: pytest.ini
plugins: anyio-4.11.0, deepeval-3.7.4, Faker-38.2.0, asyncio-1.2.0, benchmark-5.2.3, cov-7.0.0, mock-3.15.1, repeat-0.9.4, rerunfailures-16.1, timeout-2.4.0, xdist-3.8.0
asyncio: mode=Mode.STRICT, debug=False, asyncio_default_fixture_loop_scope=None, asyncio_default_test_loop_scope=function
collected 246 items / 2 errors

<Dir Conjecture>
  <Dir research>
    <Module simple_chutes_test.py>
      <Function test_single_model>
  <Dir scripts>
    <Module test_conjecture_provider.py>
      <Function test_endpoint>
      <Function test_health_endpoint>
      <Function test_models_endpoint>
      <Function test_chat_completion_endpoint>
      <Function test_tell_user_tool>
      <Function test_ask_user_tool>
      <Function test_root_endpoint>
  <Package src>
    <Dir benchmarking>
      <Module final_baseline_test.py>
        <Coroutine test_gpt_oss_20b>
        <Coroutine test_granite_tiny>
      <Module test_config_integration.py>
        <Function test_config_reading>
  <Dir tests>
    <Module test_claim_models.py>
      <Class TestClaimModel>
        <Function test_minimal_claim_creation>
        <Function test_full_claim_creation>
        <Function test_claim_content_validation>
        <Function test_confidence_validation>
        <Function test_tags_validation_and_deduplication>
        <Function test_timestamp_validation>
        <Function test_claim_format_methods>
        <Function test_claim_hash_and_equality>
    <Module test_claim_processing.py>
      <Class TestClaimProcessing>
        <Function test_update_confidence_valid>
        <Function test_update_confidence_invalid>
        <Function test_add_support_new>
        <Function test_add_support_duplicate>
        <Function test_add_supports_new>
        <Function test_mark_dirty_with_reason>
        <Function test_mark_clean>
        <Function test_set_dirty_priority>
        <Function test_processing_chain>
        <Function test_immutability_of_original>
        <Function test_confidence_boundary_values>
        <Function test_dirty_reason_types>
    <Module test_claim_relationships.py>
      <Class TestClaimRelationships>
        <Function test_simple_relationship_creation>
        <Function test_bidirectional_relationships>
        <Function test_multiple_supporters>
        <Function test_multiple_supported_claims>
        <Function test_relationship_validation_valid>
        <Function test_relationship_validation_missing_supporter>
        <Function test_relationship_validation_missing_supported>
        <Function test_support_strength_calculation>
        <Function test_support_strength_no_supporters>
        <Function test_circular_relationships>
        <Function test_self_relationship_prevention>
        <Function test_complex_relationship_network>
    <Module test_claim_state_transitions.py>
      <Class TestClaimStateTransitions>
        <Function test_initial_dirty_state>
        <Function test_dirty_reason_assignment>
        <Function test_clean_claim_properties>
        <Function test_state_transitions>
        <Function test_confidence_based_state_logic>
        <Function test_dirty_timestamp_behavior>
        <Function test_dirty_priority_levels>
        <Function test_state_and_dirty_combinations>
        <Function test_updated_timestamp_on_changes>
    <Module test_e2e_claim_lifecycle_fixed.py>
      <Class TestClaimLifecycleE2EFixed>
        <Coroutine test_complete_claim_lifecycle>
        <Coroutine test_dirty_flag_propagation_cascade>
        <Coroutine test_batch_processing_workflow>
    <Module test_e2e_configuration_driven.py>
      <Class TestConfigurationDrivenProcessingE2E>
        <Coroutine test_minimal_configuration_processing>
        <Function test_performance_configuration_processing>
        <Function test_local_providers_configuration>
        <Function test_configuration_error_handling>
        <Function test_configuration_fallback_mechanisms>
        <Function test_provider_fallback_and_error_handling>
        <Function test_configuration_driven_batch_sizes>
        <Function test_configuration_memory_and_disk_usage>
    <Module test_e2e_multiclaim_reasoning.py>
      <Class TestMultiClaimReasoningE2E>
        <Function test_claim_network_reasoning>
        <Function test_confidence_propagation>
        <Function test_batch_reasoning_workflow>
    <Module test_enhanced_glm46_judge.py>
      <Class TestEnhancedGLM46Judge>
        <Class TestJudgeInitialization>
          <Function test_successful_initialization>
          <Function test_incomplete_config_raises_error>
          <Function test_empty_config_raises_error>
        <Class TestEnhancedEvaluationPrompts>
          <Function test_mathematical_evaluation_prompt>
          <Function test_logical_evaluation_prompt>
          <Function test_difficulty_specific_guidance>
        <Class TestEvaluationParsing>
          <Function test_json_parsing_success>
          <Function test_text_parsing_fallback>
          <Function test_malformed_json_handling>
        <Class TestFallbackEvaluation>
          <Function test_fallback_evaluation_correct>
          <Function test_fallback_evaluation_incorrect>
        <Class TestCachingFunctionality>
          <Coroutine test_caching_mechanism>
        <Class TestEvaluationSummary>
          <Function test_empty_evaluations_summary>
          <Function test_evaluation_summary_statistics>
        <Class TestBenchmarkComparison>
          <Coroutine test_enhanced_vs_standard_benchmark>
        <Class TestErrorHandling>
          <Coroutine test_api_error_handling>
          <Coroutine test_timeout_handling>
          <Coroutine test_malformed_response_handling>
      <Class TestJudgePerformance>
        <Coroutine test_evaluation_performance>
        <Coroutine test_batch_evaluation_performance>
    <Module test_enhanced_prompt_system.py>
      <Class TestEnhancedPromptSystem>
        <Class TestProblemTypeDetection>
          <Coroutine test_mathematical_detection>
          <Coroutine test_logical_detection>
          <Coroutine test_scientific_detection>
          <Coroutine test_sequential_detection>
          <Coroutine test_general_detection>
        <Class TestDifficultyEstimation>
          <Coroutine test_easy_detection>
          <Coroutine test_hard_detection>
          <Coroutine test_medium_detection>
        <Class TestDomainAdaptivePrompts>
          <Coroutine test_mathematical_prompt>
          <Coroutine test_logical_prompt>
          <Coroutine test_difficulty_guidance>
        <Class TestEnhancementFunctionality>
          <Coroutine test_mathematical_reasoning_enhancement>
          <Coroutine test_multistep_reasoning_enhancement>
          <Coroutine test_problem_decomposition_enhancement>
        <Class TestIntegrationFunctionality>
          <Coroutine test_process_with_context_basic>
          <Coroutine test_enhancement_application>
          <Coroutine test_caching_functionality>
        <Class TestEnhancementControls>
          <Coroutine test_enhancement_disable_enable>
        <Class TestResponseParsing>
          <Coroutine test_mathematical_parsing>
          <Coroutine test_logical_parsing>
          <Coroutine test_general_parsing>
        <Class TestLegacyCompatibility>
          <Coroutine test_prompt_builder_compatibility>
      <Class TestPromptSystemPerformance>
        <Coroutine test_response_time_performance>
        <Coroutine test_memory_efficiency>
    <Module test_external_benchmarks.py>
      <Class TestExternalBenchmarks>
        <Class TestHellaSwagSamples>
          <Function test_hellaswag_sample_structure>
          <Function test_hellaswag_sample_content>
          <Function test_hellaswag_sample_limit>
        <Class TestMMLUSamples>
          <Function test_mmlu_sample_structure>
          <Function test_mmlu_domain_coverage>
          <Function test_mmlu_metadata_structure>
        <Class TestGSM8KSamples>
          <Function test_gsm8k_sample_structure>
          <Function test_gsm8k_math_problems>
          <Function test_gsm8k_metadata_grade_level>
        <Class TestARCSamples>
          <Function test_arc_sample_structure>
          <Function test_arc_science_content>
          <Function test_arc_metadata_subject>
        <Class TestBigBenchHardSamples>
          <Function test_bbh_sample_structure>
          <Function test_bbh_logical_reasoning>
          <Function test_bbh_task_type_metadata>
        <Class TestTaskEvaluation>
          <Coroutine test_evaluate_task_structure>
          <Coroutine test_evaluate_task_answer_extraction>
          <Coroutine test_evaluate_task_confidence_calculation>
          <Coroutine test_evaluate_task_correctness_evaluation>
          <Coroutine test_evaluate_task_error_handling>
        <Class TestBenchmarkSuite>
          <Coroutine test_run_all_benchmarks_structure>
          <Coroutine test_run_single_benchmark>
          <Coroutine test_benchmark_calculation_accuracy>
          <Coroutine test_benchmark_results_by_type>
        <Class TestIntegration>
          <Coroutine test_config_integration>
          <Coroutine test_prompt_system_integration>
      <Class TestExternalBenchmarksPerformance>
        <Coroutine test_suite_execution_performance>
        <Coroutine test_memory_efficiency>
    <Module test_id_utilities.py>
      <Class TestIdGeneration>
        <Function test_generate_claim_id_format>
        <Function test_generate_claim_id_uniqueness>
        <Function test_generate_claim_id_timestamp_component>
        <Function test_generate_claim_id_random_component>
        <Function test_validate_claim_id_valid>
        <Function test_validate_claim_id_invalid_format>
        <Function test_validate_claim_id_edge_cases>
        <Function test_validate_confidence_valid>
        <Function test_validate_confidence_invalid>
        <Function test_validate_confidence_edge_cases>
        <Function test_id_generation_performance>
        <Function test_id_validation_performance>
    <Module test_lancedb_adapter.py>
      <Class TestLanceDBAdapter>
        <Coroutine test_adapter_initialization>
        <Coroutine test_create_claim>
        <Coroutine test_create_duplicate_claim>
        <Coroutine test_get_claim>
        <Coroutine test_get_nonexistent_claim>
        <Coroutine test_update_claim>
        <Coroutine test_update_nonexistent_claim>
        <Coroutine test_list_claims>
        <Coroutine test_list_claims_with_filters>
        <Coroutine test_search_claims>
        <Coroutine test_vector_search>
        <Coroutine test_create_relationship>
        <Coroutine test_get_relationships>
        <Coroutine test_get_stats>
        <Coroutine test_claim_model_conversion>
        <Coroutine test_factory_function>
      <Class TestLanceDBAdapterEdgeCases>
        <Coroutine test_invalid_claim_validation>
        <Coroutine test_invalid_confidence>
        <Coroutine test_large_number_of_claims>
        <Coroutine test_concurrent_operations>
    <Module test_lancedb_repositories.py>
      <Class TestLanceDBClaimRepository>
        <Coroutine test_create_claim_success>
        <Coroutine test_create_claim_validation_error>
        <Coroutine test_create_duplicate_claim>
        <Coroutine test_get_claim_success>
        <Coroutine test_get_claim_not_found>
        <Coroutine test_update_claim_success>
        <Coroutine test_update_claim_not_found>
        <Coroutine test_update_claim_invalid_fields>
        <Coroutine test_delete_claim_success>
        <Coroutine test_search_claims>
        <Coroutine test_list_claims>
        <Coroutine test_list_claims_with_filters>
        <Coroutine test_vector_search>
        <Coroutine test_get_claims_by_state>
        <Coroutine test_dirty_claims_management>
        <Coroutine test_get_stats>
      <Class TestLanceDBRelationshipRepository>
        <Coroutine test_create_relationship_success>
        <Coroutine test_create_relationship_nonexistent_claims>
        <Coroutine test_get_relationships>
        <Coroutine test_get_supporting_claims>
        <Coroutine test_get_supported_claims>
      <Class TestRepositoryIntegration>
        <Coroutine test_complex_claim_workflow>
        <Coroutine test_concurrent_operations>
    <Module test_monitoring_utilities.py>
      <Class TestLoggingUtilities>
        <Function test_setup_logger_default>
        <Function test_setup_logger_custom_level>
        <Function test_setup_logger_with_handlers>
        <Function test_get_logger_singleton>
        <Function test_get_logger_different_names>
        <Function test_logger_functionality>
        <Function test_logger_level_filtering>
      <Class TestPerformanceMonitor>
        <Function test_performance_monitor_creation>
        <Function test_start_timing>
        <Function test_end_timing>
        <Function test_get_metrics_empty>
        <Function test_get_metrics_with_operations>
        <Function test_multiple_same_operations>
        <Function test_performance_monitor_singleton>
        <Function test_timing_without_start>
        <Function test_concurrent_operations>
        <Function test_metrics_reset>
        <Function test_performance_decorator>
    <Module test_process_layer.py>
      <Class TestProcessLayerModels>
        <Function test_instruction_type_enum>
        <Function test_processing_status_enum>
        <Function test_context_result_model>
        <Function test_instruction_model>
        <Function test_processing_result_model>
        <Function test_processing_config_model>
      <Class TestProcessContextBuilder>
        <Coroutine test_build_context_success>
        <Coroutine test_build_context_claim_not_found>
        <Coroutine test_build_context_with_hints>
        <Coroutine test_build_context_depth_limit>
        <Coroutine test_context_caching>
        <Coroutine test_clear_cache>
      <Class TestProcessLLMProcessor>
        <Coroutine test_evaluate_claim_success>
        <Coroutine test_evaluate_claim_with_context>
        <Coroutine test_identify_instructions_success>
        <Coroutine test_identify_instructions_with_types>
        <Coroutine test_process_claim_complete_workflow>
        <Coroutine test_process_batch_claims>
        <Coroutine test_llm_bridge_error_handling>
        <Coroutine test_instruction_confidence_filtering>
        <Coroutine test_processing_metrics>
      <Class TestProcessLayerIntegration>
        <Coroutine test_complete_claim_processing_workflow>
        <Coroutine test_batch_processing_with_relationships>
        <Coroutine test_context_building_performance>
    <Module test_retry_utilities.py>
      <Class TestRetryUtilities>
        <Function test_enhanced_retry_config_defaults>
        <Function test_enhanced_retry_config_custom>
        <Function test_with_llm_retry_success_first_attempt>
        <Function test_with_llm_retry_success_after_retries>
        <Function test_with_llm_retry_max_attempts_exceeded>
        <Function test_retry_delay_calculation>
        <Function test_retry_with_jitter>
        <Function test_retry_max_delay_limit>
        <Function test_retry_specific_exception_types>
        <Function test_retry_config_validation>
        <Function test_retry_function_preservation>
Running teardown with pytest sessionfinish...

=================================== ERRORS ====================================
__ ERROR collecting archive/experiments/experiment_6_claim_synthesis_test.py __
ImportError while importing test module 'D:\projects\Conjecture\archive\experiments\experiment_6_claim_synthesis_test.py'.
Hint: make sure your test modules/packages have valid Python names.
Traceback:
C:\Users\Aaron.Canary\AppData\Local\Programs\Python\Python311\Lib\importlib\__init__.py:126: in import_module
    return _bootstrap._gcd_import(name[level:], package, level)
           ^^^^^^^^^^^^^^^^^^^^^^^^^^^^^^^^^^^^^^^^^^^^^^^^^^^^
archive\experiments\experiment_6_claim_synthesis_test.py:20: in <module>
    from src.processing.multimodal_processor import MultiModalProcessor
E   ModuleNotFoundError: No module named 'src.processing.multimodal_processor'
______________________ ERROR collecting test_output.txt _______________________
C:\Users\Aaron.Canary\AppData\Local\Programs\Python\Python311\Lib\pathlib.py:1059: in read_text
    return f.read()
           ^^^^^^^^
<frozen codecs>:322: in decode
    ???
E   UnicodeDecodeError: 'utf-8' codec can't decode byte 0xff in position 0: invalid start byte
============================== warnings summary ===============================
research\test_cases\test_case_generator.py:13
  D:\projects\Conjecture\research\test_cases\test_case_generator.py:13: PytestCollectionWarning: cannot collect test class 'TestCaseGenerator' because it has a __init__ constructor (from: research/test_cases/test_case_generator.py)
    class TestCaseGenerator:

src\benchmarking\gpt_oss_scaled_test.py:30
  D:\projects\Conjecture\src\benchmarking\gpt_oss_scaled_test.py:30: PytestCollectionWarning: cannot collect test class 'TestProblem' because it has a __init__ constructor (from: src/benchmarking/gpt_oss_scaled_test.py)
    @dataclass

src\benchmarking\gpt_oss_scaled_test.py:39
  D:\projects\Conjecture\src\benchmarking\gpt_oss_scaled_test.py:39: PytestCollectionWarning: cannot collect test class 'TestResult' because it has a __init__ constructor (from: src/benchmarking/gpt_oss_scaled_test.py)
    @dataclass

src\stats\test_analyzer.py:13
  D:\projects\Conjecture\src\stats\test_analyzer.py:13: PytestCollectionWarning: cannot collect test class 'TestAnalyzer' because it has a __init__ constructor (from: src/stats/test_analyzer.py)
    class TestAnalyzer:

C:\Users\Aaron.Canary\AppData\Local\Programs\Python\Python311\Lib\site-packages\pydantic\_internal\_fields.py:149
  C:\Users\Aaron.Canary\AppData\Local\Programs\Python\Python311\Lib\site-packages\pydantic\_internal\_fields.py:149: UserWarning: Field "model_name" has conflict with protected namespace "model_".
  
  You may be able to resolve this warning by setting `model_config['protected_namespaces'] = ()`.
    warnings.warn(

-- Docs: https://docs.pytest.org/en/stable/how-to/capture-warnings.html
============================= Test Suite Summary ==============================
[+] Parallel execution: Enabled
[+] Database isolation: Enforced
[+] UTF-8 compliance: Validated
[+] Memory monitoring: Active
[+] Performance timing: Enabled
=========================== short test summary info ===========================
ERROR archive/experiments/experiment_6_claim_synthesis_test.py
ERROR test_output.txt - UnicodeDecodeError: 'utf-8' codec can't decode byte 0...
!!!!!!!!!!!!!!!!!!! Interrupted: 2 errors during collection !!!!!!!!!!!!!!!!!!!
=================== 246 tests collected, 2 errors in 1.39s ====================
